{
  "zip_sha256": "94fe453557d0185418cfcd8a67d20646e4fe4754f3a6be0466b1a75517236577",
  "zip_hash_pass": true,
  "manifest_entries": 50,
  "actual_nonmanifest_files": 50,
  "manifest_missing": [],
  "manifest_extra": [],
  "manifest_bad": [],
  "manifest_pass": true,
  "document_sha256": "c1e7c50beff37b7186e07f67a6c84ead07a3e5839de9652414e13cea0fca91f6",
  "document_hash_pass": true,
  "notebook_code_cells": 13,
  "notebook_checks": [
    {
      "execution_count": 1,
      "pass": true,
      "png_count": 1
    },
    {
      "execution_count": 2,
      "pass": true,
      "png_count": 1
    },
    {
      "execution_count": 3,
      "pass": true,
      "png_count": 1
    },
    {
      "execution_count": 4,
      "pass": true,
      "png_count": 1
    },
    {
      "execution_count": 5,
      "pass": true,
      "png_count": 1
    },
    {
      "execution_count": 6,
      "pass": true,
      "png_count": 1
    },
    {
      "execution_count": 7,
      "pass": true,
      "png_count": 1
    },
    {
      "execution_count": 8,
      "pass": true,
      "png_count": 1
    },
    {
      "execution_count": 9,
      "pass": true,
      "png_count": 1
    },
    {
      "execution_count": 10,
      "pass": true,
      "png_count": 1
    },
    {
      "execution_count": 11,
      "pass": true,
      "png_count": 1
    },
    {
      "execution_count": 12,
      "pass": true,
      "png_count": 1
    },
    {
      "execution_count": 13,
      "pass": true,
      "png_count": 1
    }
  ],
  "notebook_pass": true,
  "overall_pass": true
}
